
tr1
bpm
disjoint_sets
spirit_x4
boost_bloom_benchmarks
boost_unordered_benchmarks
sync

logic
exception
iterator
circular_buffer
type_traits
fusion
multi_index
integer
utility
random
foreach
any
flyweight
function
typeof
tokenizer
io
crc
spirit
scope_exit
mpl
assign
pool
algorithm
endian
fiber
boost_hub_benchmarks
regression

heap
atomic
accumulators
tti
locale
auto_index
system
phoenix
ratio
chrono
proto
statechart
preprocessor
functional
smart_ptr
thread
gil
variant
detail
program_options
filesystem
interprocess
xpressive
ptr_container
iostreams
parameter
array
format
function_types
concept_check

container_hash
outcome
docca
pfr
callable_traits
nowide
dll
mp11
metaparse
vmd
coroutine2
contract
lexical_cast
boostdep
winapi
core
hana
type_index
align
convert
assert
predef
log
type_erasure
compute
interval
odeint
numeric_conversion
local_function
coroutine

intrusive
unordered
python
tuple
polygon
multi_array
static_assert
asio
bind
boostbook
property_tree
date_time
conversion
signals2
bimap
graph_parallel
safe_numerics
bloom
compat
scope
charconv
cobalt
property_map_parallel
describe
lambda2
parser
more
url
leaf
hash2

dynamic_bitset
icl
cmake
static_string
stl_interfaces
parameter_python
headers
boost_install
check_build
yap
qvm
sort
hof
throw_exception
beast
lockfree
ublas
config
range
inspect
units
timer
regex
litre
wave
bcp
lambda
rational
quickbook

poly_collection
website-v2-docs
decimal
serialization
histogram
container
mysql
test
graph
move
openmethod
mqtt5
redis
boost-ci
geometry
variant2
property_map
uuid
json
context
process
math
mpi
stacktrace
msm
multiprecision
build
optional

